// Vitest Snapshot v1, https://vitest.dev/guide/snapshot.html

exports[`<Main /> > Should render heading 1`] = `
.c0 {
  display: flex;
  background-color: #123121;
  color: #919844;
}

<main
  class="c0"
  data-testid="main"
>
  <h1
    style="color: rgb(255, 255, 255);"
  >
    Won games
  </h1>
  <p>
    Won games
  </p>
  <code>
    Secondary
  </code>
</main>
`;
